<html>
<body>
<pre>
<h1>µVision Build Log</h1>
<h2>Tool Versions:</h2>
IDE-Version: ¦ÌVision V5.29.0.0
Copyright (C) 2019 ARM Ltd and ARM Germany GmbH. All rights reserved.
License Information: Menglong Huang, ECUT, LIC=V85II-TPK2V-MSWYP-MZSRG-SR47M-UQX93
 
Tool Versions:
Toolchain:       MDK-ARM Professional  Version: 5.29.0.0
Toolchain Path:  E:\Keil_v5\ARM\ARMCC\Bin
C Compiler:      Armcc.exe V5.06 update 6 (build 750)
Assembler:       Armasm.exe V5.06 update 6 (build 750)
Linker/Locator:  ArmLink.exe V5.06 update 6 (build 750)
Library Manager: ArmAr.exe V5.06 update 6 (build 750)
Hex Converter:   FromElf.exe V5.06 update 6 (build 750)
CPU DLL:         SARMCM3.DLL V5.29.0.0
Dialog DLL:      DCM.DLL V1.17.3.0
Target DLL:      CMSIS_AGDI.dll V1.32.0.0
Dialog DLL:      TCM.DLL V1.36.5.0
 
<h2>Project:</h2>
C:\Users\YHF\Desktop\TCB_V1\MDK-ARM\TCB_V1.uvprojx
Project File Date:  06/23/2021

<h2>Output:</h2>
*** Using Compiler 'V5.06 update 6 (build 750)', folder: 'E:\Keil_v5\ARM\ARMCC\Bin'
Build target 'TCB_V1'
compiling touch_iic.c...
compiling lcd_rgb.c...
compiling touch_480x272.c...
compiling gpio.c...
compiling uart.c...
compiling main.c...
compiling freertos.c...
compiling crc.c...
compiling adc.c...
compiling dma2d.c...
compiling ltdc.c...
compiling sdmmc.c...
compiling tim.c...
compiling stm32h7xx_it.c...
compiling usb_otg.c...
compiling stm32h7xx_hal_msp.c...
compiling stm32h7xx_hal_timebase_tim.c...
compiling bsp_driver_sd.c...
compiling sd_diskio.c...
compiling fatfs.c...
compiling TouchGFXHAL.cpp...
compiling TouchGFXGPIO.cpp...
compiling STM32TouchController.cpp...
compiling TouchGFXConfiguration.cpp...
compiling TouchGFXGeneratedHAL.cpp...
compiling app_touchgfx.c...
compiling OSWrappers.cpp...
compiling STM32DMA.cpp...
compiling stm32h7xx_hal_rcc.c...
compiling stm32h7xx_hal_adc.c...
compiling stm32h7xx_hal_adc_ex.c...
compiling stm32h7xx_hal_flash.c...
compiling stm32h7xx_hal_rcc_ex.c...
compiling stm32h7xx_hal_flash_ex.c...
compiling stm32h7xx_hal_gpio.c...
compiling stm32h7xx_hal_hsem.c...
compiling stm32h7xx_hal_dma.c...
compiling stm32h7xx_hal_dma_ex.c...
compiling stm32h7xx_hal_mdma.c...
compiling stm32h7xx_hal_pwr.c...
compiling stm32h7xx_hal_pwr_ex.c...
compiling stm32h7xx_hal_cortex.c...
compiling stm32h7xx_hal.c...
compiling stm32h7xx_hal_i2c_ex.c...
compiling stm32h7xx_hal_exti.c...
compiling stm32h7xx_hal_i2c.c...
compiling stm32h7xx_hal_crc.c...
compiling stm32h7xx_hal_crc_ex.c...
compiling stm32h7xx_hal_dma2d.c...
compiling stm32h7xx_hal_ltdc.c...
compiling stm32h7xx_hal_ltdc_ex.c...
compiling stm32h7xx_hal_tim_ex.c...
compiling stm32h7xx_ll_sdmmc.c...
compiling stm32h7xx_hal_tim.c...
compiling stm32h7xx_ll_delayblock.c...
compiling stm32h7xx_hal_sd.c...
compiling stm32h7xx_hal_sd_ex.c...
compiling stm32h7xx_hal_uart_ex.c...
compiling stm32h7xx_hal_uart.c...
compiling stm32h7xx_hal_pcd.c...
compiling stm32h7xx_hal_pcd_ex.c...
compiling system_stm32h7xx.c...
compiling stm32h7xx_ll_usb.c...
compiling diskio.c...
compiling ff_gen_drv.c...
compiling ff.c...
compiling syscall.c...
compiling ccsbcs.c...
compiling croutine.c...
compiling event_groups.c...
compiling list.c...
compiling queue.c...
compiling stream_buffer.c...
compiling tasks.c...
compiling timers.c...
compiling heap_4.c...
compiling port.c...
compiling cmsis_os2.c...
compiling FrontendApplication.cpp...
compiling MainPresenter.cpp...
compiling Model.cpp...
compiling MainView.cpp...
compiling ApplicationFontProvider.cpp...
compiling BitmapDatabase.cpp...
compiling CachedFont.cpp...
compiling Font_Asap_Regular_80_4bpp_0.cpp...
compiling FontCache.cpp...
compiling FrontendApplicationBase.cpp...
compiling GeneratedFont.cpp...
compiling image_counter_box.cpp...
compiling image_down_btn.cpp...
compiling image_bg.cpp...
compiling image_down_btn_disabled.cpp...
compiling image_down_btn_pressed.cpp...
compiling image_up_btn.cpp...
compiling image_up_btn_disabled.cpp...
compiling image_up_btn_pressed.cpp...
compiling Kerning_Asap_Regular_80_4bpp.cpp...
compiling LanguageGb.cpp...
compiling Table_Asap_Regular_80_4bpp.cpp...
compiling MainViewBase.cpp...
compiling TypedTextDatabase.cpp...
compiling Texts.cpp...
compiling UnmappedDataFont.cpp...
compiling cJSON.c...
..\Component\JSON\cJSON.c(1992): warning:  #2803-D: unrecognized GCC pragma
      #pragma GCC diagnostic push
..\Component\JSON\cJSON.c(1995): warning:  #2803-D: unrecognized GCC pragma
  #pragma GCC diagnostic ignored "-Wcast-qual"
..\Component\JSON\cJSON.c(2003): warning:  #2803-D: unrecognized GCC pragma
      #pragma GCC diagnostic pop
..\Component\JSON\cJSON.c: 3 warnings, 0 errors
compiling dataCollection.c...
..\App\dataCollection.c(32): warning:  #177-D: variable "sizenum"  was declared but never referenced
  		uint8_t sizenum = sizeof(DATA_TypeDef);
..\App\dataCollection.c(33): warning:  #177-D: variable "dddedjj"  was declared but never referenced
  		uint8_t dddedjj = sizeof(datax);
..\App\dataCollection.c: 2 warnings, 0 errors
linking...
Program Size: Code=92560 RO-data=13564 RW-data=352 ZI-data=51712  
FromELF: creating hex file...
"H750_GUI_test2\TCB_V1.axf" - 0 Error(s), 5 Warning(s).

<h2>Software Packages used:</h2>

Package Vendor: ARM
                http://www.keil.com/pack/ARM.CMSIS.5.7.0.pack
                ARM.CMSIS.5.7.0
                CMSIS (Cortex Microcontroller Software Interface Standard)
   * Component: CORE Version: 5.4.0

Package Vendor: Keil
                http://www.keil.com/pack/Keil.STM32H7xx_DFP.2.7.0.pack
                Keil.STM32H7xx_DFP.2.7.0
                STMicroelectronics STM32H7 Series Device Support and Examples

<h2>Collection of Component include folders:</h2>
  .\RTE\_TCB_V1
  F:\Users\YHF\AppData\Local\Arm\Packs\ARM\CMSIS\5.7.0\CMSIS\Core\Include
  F:\Users\YHF\AppData\Local\Arm\Packs\Keil\STM32H7xx_DFP\2.7.0\Drivers\CMSIS\Device\ST\STM32H7xx\Include

<h2>Collection of Component Files used:</h2>

   * Component: ARM::CMSIS:CORE:5.4.0
      Include file:  CMSIS\Core\Include\tz_context.h
Build Time Elapsed:  00:00:31
</pre>
</body>
</html>
